../Core/Src/main.c:73:6:line_append	16	static
../Core/Src/main.c:108:6:HAL_GPIO_EXTI_Callback	16	static
../Core/Src/main.c:116:5:__io_putchar	24	static
../Core/Src/main.c:127:6:send_next_message	8	static
../Core/Src/main.c:149:6:HAL_UART_TxCpltCallback	16	static
../Core/Src/main.c:156:6:HAL_UART_RxCpltCallback	16	static
../Core/Src/main.c:169:5:main	16	static
../Core/Src/main.c:224:6:SystemClock_Config	96	static
../Core/Src/main.c:275:13:MX_USART2_UART_Init	8	static
../Core/Src/main.c:310:13:MX_GPIO_Init	40	static
../Core/Src/main.c:352:6:Error_Handler	4	static,ignoring_inline_asm
